variable "vpc_id" {
  type = string
}

variable "subnet_ids" {
  type = list(string)
}

variable "security_group_ids" {
  type    = list(string)
  default = []
}

resource "aws_lb" "ws" {
  name               = "ws"
  load_balancer_type = "application"
  subnets            = var.subnet_ids
  security_groups    = var.security_group_ids
}

resource "aws_lb_target_group" "ws" {
  name                           = "ws"
  port                           = 4000
  protocol                       = "HTTP"
  target_type                    = "ip"
  vpc_id                         = var.vpc_id
  load_balancing_algorithm_type  = "round_robin"

  health_check {
    path                = "/"
    interval            = 30
    timeout             = 5
    healthy_threshold   = 5
    unhealthy_threshold = 2
    matcher             = "200-399"
  }
}

resource "aws_lb_listener" "ws_http" {
  load_balancer_arn = aws_lb.ws.arn
  port              = 80
  protocol          = "HTTP"

  default_action {
    type             = "forward"
    target_group_arn = aws_lb_target_group.ws.arn
  }
}

# warnings
# ip_hash has no ALB equivalent, exported as round_robin
