AWSTemplateFormatVersion: '2010-09-09'
Description: Application load balancer for ws

Parameters:
  VpcId:
    Type: AWS::EC2::VPC::Id
  SubnetIds:
    Type: List<AWS::EC2::Subnet::Id>
  SecurityGroupIds:
    Type: List<AWS::EC2::SecurityGroup::Id>

Resources:
  WsLoadBalancer:
    Type: AWS::ElasticLoadBalancingV2::LoadBalancer
    Properties:
      Name: ws
      Type: application
      Subnets: !Ref SubnetIds
      SecurityGroups: !Ref SecurityGroupIds

  WsTargetGroup:
    Type: AWS::ElasticLoadBalancingV2::TargetGroup
    Properties:
      Name: ws
      Port: 4000
      Protocol: HTTP
      TargetType: ip
      VpcId: !Ref VpcId
      HealthCheckPath: /
      HealthCheckIntervalSeconds: 30
      HealthCheckTimeoutSeconds: 5
      HealthyThresholdCount: 5
      UnhealthyThresholdCount: 2
      Matcher:
        HttpCode: '200-399'
      TargetGroupAttributes:
        - Key: load_balancing.algorithm.type
          Value: round_robin

  WsListener:
    Type: AWS::ElasticLoadBalancingV2::Listener
    Properties:
      LoadBalancerArn: !Ref WsLoadBalancer
      Port: 80
      Protocol: HTTP
      DefaultActions:
        - Type: forward
          TargetGroupArn: !Ref WsTargetGroup

Outputs:
  LoadBalancerDNS:
    Value: !GetAtt WsLoadBalancer.DNSName

# warnings
# ip_hash has no ALB equivalent, exported as round_robin
